// Jest Snapshot v1, https://goo.gl/fbAQLP

exports[`Button should render properly 1`] = `
<div>
  <button
    class="button --small --yellow"
  >
    Button Component
  </button>
</div>
`;
